==> Bento Summary
error: r2c.flake8.EXE001 https://lintlyci.github.io/Flake8Rules/rules/EXE001.html
     --> manage.py:1:1
      |
    1 |   #!/usr/bin/env python
      |
      = note: Shebang is present but the file is not executable.


r2c.flake8:
  EXE001         1▕▬▬▬▬▬▬▬▬▬▬▬▬▬▬▬▬▬▬▬▬▬▬▬▬▬▬▬▬▬▬▬▬▬▬▬▬▬▬▬▬▬▬▬▬▬▬▬▬▬▬▬▬▬▬▬▬▬▬▬▬
