==> Bento Summary
warning: r2c.bandit.B307 https://bandit.readthedocs.io/en/latest/blacklists/blacklist_calls.html#b307-eval
     --> src/flask/cli.py:892:0
      |
  892 |                eval(compile(f.read(), startup, "exec"), ctx)
      |
      = note: Use of possibly insecure function - consider using safer ast.literal_eval.


advice: r2c.bandit.B110 https://bandit.readthedocs.io/en/latest/plugins/b110_try_except_pass.html
     --> tests/test_appctx.py:74:0
      |
   74 |        except Exception:
      |
      = note: Try, Except, Pass detected.

advice: r2c.bandit.B110 https://bandit.readthedocs.io/en/latest/plugins/b110_try_except_pass.html
     --> tests/test_appctx.py:93:0
      |
   93 |            except Exception:
      |
      = note: Try, Except, Pass detected.


advice: r2c.bandit.B110 https://bandit.readthedocs.io/en/latest/plugins/b110_try_except_pass.html
     --> tests/test_basic.py:784:0
      |
  784 |            except Exception:
      |
      = note: Try, Except, Pass detected.

advice: r2c.bandit.B110 https://bandit.readthedocs.io/en/latest/plugins/b110_try_except_pass.html
     --> tests/test_basic.py:796:0
      |
  796 |            except Exception:
      |
      = note: Try, Except, Pass detected.

error: r2c.bandit.B201 https://bandit.readthedocs.io/en/latest/plugins/b201_flask_debug_true.html
     --> tests/test_basic.py:1912:0
      |
 1912 |        app.run(hostname, port, debug=True)
      |
      = note: A Flask app appears to be run with debug=True, which exposes the Werkzeug debugger and allows the execution of arbitrary code.


advice: r2c.bandit.B110 https://bandit.readthedocs.io/en/latest/plugins/b110_try_except_pass.html
     --> tests/test_reqctx.py:45:0
      |
   45 |        except Exception:
      |
      = note: Try, Except, Pass detected.

advice: r2c.bandit.B110 https://bandit.readthedocs.io/en/latest/plugins/b110_try_except_pass.html
     --> tests/test_reqctx.py:64:0
      |
   64 |            except Exception:
      |
      = note: Try, Except, Pass detected.


error: r2c.bandit.B201 https://bandit.readthedocs.io/en/latest/plugins/b201_flask_debug_true.html
     --> tests/test_templating.py:404:0
      |
  404 |        app.run(debug=True)
      |
      = note: A Flask app appears to be run with debug=True, which exposes the Werkzeug debugger and allows the execution of arbitrary code.


r2c.bandit:
  B110           6▕▬▬▬▬▬▬▬▬▬▬▬▬▬▬▬▬▬▬▬▬▬▬▬▬▬▬▬▬▬▬▬▬▬▬▬▬▬▬▬▬▬▬▬▬▬▬▬▬▬▬▬▬▬▬▬▬▬▬▬▬
  B201           2▕▬▬▬▬▬▬▬▬▬▬▬▬▬▬▬▬▬▬▬▬
  B307           1▕▬▬▬▬▬▬▬▬▬▬

