On branch master
Changes not staged for commit:
	deleted:    foo.py

no changes added to commit
