On branch master
Changes not staged for commit:
	modified:   foo.py

no changes added to commit
